  Determinando los proyectos que se van a restaurar...
  Todos los proyectos están actualizados para la restauración.
  SharedKernel -> D:\2026\Proyectos\SASS Consecionaria de autos\CarStore-BackEnd\src\SharedKernel\bin\Debug\net9.0\SharedKernel.dll
  Domain -> D:\2026\Proyectos\SASS Consecionaria de autos\CarStore-BackEnd\src\Domain\bin\Debug\net9.0\Domain.dll
  Application -> D:\2026\Proyectos\SASS Consecionaria de autos\CarStore-BackEnd\src\Application\bin\Debug\net9.0\Application.dll
  Infrastructure -> D:\2026\Proyectos\SASS Consecionaria de autos\CarStore-BackEnd\src\Infrastructure\bin\Debug\net9.0\Infrastructure.dll
D:\2026\Proyectos\SASS Consecionaria de autos\CarStore-BackEnd\src\Web.Api\Endpoints\Cars\Search\Search.cs(18,25): error CS0246: El nombre del tipo o del espacio de nombres 'CarResponse' no se encontró (¿falta una directiva using o una referencia de ensamblado?) [D:\2026\Proyectos\SASS Consecionaria de autos\CarStore-BackEnd\src\Web.Api\Web.Api.csproj]
D:\2026\Proyectos\SASS Consecionaria de autos\CarStore-BackEnd\src\Web.Api\Endpoints\Cars\Search\Search.cs(27,24): error CS0246: El nombre del tipo o del espacio de nombres 'CarResponse' no se encontró (¿falta una directiva using o una referencia de ensamblado?) [D:\2026\Proyectos\SASS Consecionaria de autos\CarStore-BackEnd\src\Web.Api\Web.Api.csproj]
D:\2026\Proyectos\SASS Consecionaria de autos\CarStore-BackEnd\src\Web.Api\Program.cs(32,12): warning CA1861: Preferir campos "static readonly" frente a argumentos de matriz constantes si se llama repetidamente al método llamado y no muta la matriz pasada (https://learn.microsoft.com/dotnet/fundamentals/code-analysis/quality-rules/ca1861) [D:\2026\Proyectos\SASS Consecionaria de autos\CarStore-BackEnd\src\Web.Api\Web.Api.csproj]

ERROR al compilar.

D:\2026\Proyectos\SASS Consecionaria de autos\CarStore-BackEnd\src\Web.Api\Program.cs(32,12): warning CA1861: Preferir campos "static readonly" frente a argumentos de matriz constantes si se llama repetidamente al método llamado y no muta la matriz pasada (https://learn.microsoft.com/dotnet/fundamentals/code-analysis/quality-rules/ca1861) [D:\2026\Proyectos\SASS Consecionaria de autos\CarStore-BackEnd\src\Web.Api\Web.Api.csproj]
D:\2026\Proyectos\SASS Consecionaria de autos\CarStore-BackEnd\src\Web.Api\Endpoints\Cars\Search\Search.cs(18,25): error CS0246: El nombre del tipo o del espacio de nombres 'CarResponse' no se encontró (¿falta una directiva using o una referencia de ensamblado?) [D:\2026\Proyectos\SASS Consecionaria de autos\CarStore-BackEnd\src\Web.Api\Web.Api.csproj]
D:\2026\Proyectos\SASS Consecionaria de autos\CarStore-BackEnd\src\Web.Api\Endpoints\Cars\Search\Search.cs(27,24): error CS0246: El nombre del tipo o del espacio de nombres 'CarResponse' no se encontró (¿falta una directiva using o una referencia de ensamblado?) [D:\2026\Proyectos\SASS Consecionaria de autos\CarStore-BackEnd\src\Web.Api\Web.Api.csproj]
    1 Advertencia(s)
    2 Errores

Tiempo transcurrido 00:00:02.49
